============================= test session starts =============================
platform win32 -- Python 3.13.3, pytest-9.0.2, pluggy-1.6.0 -- C:\Users\jayas\AppData\Local\Programs\Python\Python313\python.exe
cachedir: .pytest_cache
rootdir: C:\Users\bsank\Market-Rover
configfile: setup.cfg
plugins: anyio-4.12.0, langsmith-0.5.0
collecting ... collected 7 items / 1 error

=================================== ERRORS ====================================
______________ ERROR collecting tests/test_issue_aggregation.py _______________
ImportError while importing test module 'C:\Users\bsank\Market-Rover\tests\test_issue_aggregation.py'.
Hint: make sure your test modules/packages have valid Python names.
Traceback:
..\..\jayas\AppData\Local\Programs\Python\Python313\Lib\importlib\__init__.py:88: in import_module
    return _bootstrap._gcd_import(name[level:], package, level)
           ^^^^^^^^^^^^^^^^^^^^^^^^^^^^^^^^^^^^^^^^^^^^^^^^^^^^
tests\test_issue_aggregation.py:6: in <module>
    from scripts import generate_daily_issue_report as gen
E   ImportError: cannot import name 'generate_daily_issue_report' from 'scripts' (unknown location)
=========================== short test summary info ===========================
ERROR tests/test_issue_aggregation.py
!!!!!!!!!!!!!!!!!!! Interrupted: 1 error during collection !!!!!!!!!!!!!!!!!!!!
============================== 1 error in 2.38s ===============================
